<?xml version="1.0" encoding="utf-8"?><testsuites name="pytest tests"><testsuite name="pytest" errors="0" failures="0" skipped="1" tests="10" time="13.429" timestamp="2025-10-07T15:37:41.739418-04:00" hostname="ldb-6yrfq54.dbwks.erau.edu"><testcase classname="tests.test_examples_runtime" name="test_sky_example_pipeline" file="tests/test_examples_runtime.py" line="16" time="0.946" /><testcase classname="tests.test_examples_runtime" name="test_vipir_riq_example" file="tests/test_examples_runtime.py" line="49" time="11.742" /><testcase classname="tests.test_parsers_imports" name="test_parser_imports[pynasonde.digisonde.parsers.sao-SaoExtractor]" file="tests/test_parsers_imports.py" line="24" time="0.006" /><testcase classname="tests.test_parsers_imports" name="test_parser_imports[pynasonde.digisonde.parsers.sky-SkyExtractor]" file="tests/test_parsers_imports.py" line="24" time="0.000" /><testcase classname="tests.test_parsers_imports" name="test_parser_imports[pynasonde.digisonde.parsers.rsf-RsfExtractor]" file="tests/test_parsers_imports.py" line="24" time="0.002" /><testcase classname="tests.test_parsers_imports" name="test_parser_imports[pynasonde.digisonde.parsers.dvl-DvlExtractor]" file="tests/test_parsers_imports.py" line="24" time="0.000" /><testcase classname="tests.test_parsers_imports" name="test_parser_imports[pynasonde.digisonde.parsers.dft-DftExtractor]" file="tests/test_parsers_imports.py" line="24" time="0.002" /><testcase classname="tests.test_parsers_imports" name="test_parser_imports[pynasonde.digisonde.parsers.edp-EdpExtractor]" file="tests/test_parsers_imports.py" line="24" time="0.001"><skipped type="pytest.skip" message="Skipping pynasonde.digisonde.parsers.edp: missing dependency -&gt; No module named 'pynasonde.ngi'">/home/chakras4/Research/CodeBase/pynasonde/tests/test_parsers_imports.py:31: Skipping pynasonde.digisonde.parsers.edp: missing dependency -&gt; No module named 'pynasonde.ngi'</skipped></testcase><testcase classname="tests.test_parsers_imports" name="test_parser_imports[pynasonde.digisonde.parsers.mmm-ModMaxExtractor]" file="tests/test_parsers_imports.py" line="24" time="0.002" /><testcase classname="tests.test_parsers_imports" name="test_parser_imports[pynasonde.digisonde.parsers.sbf-SbfExtractor]" file="tests/test_parsers_imports.py" line="24" time="0.002" /></testsuite></testsuites>